
> menusmoz@0.0.0 build
> vite build

[36mvite v7.3.1 [32mbuilding client environment for production...[36m[39m
transforming...
[32mΓ£ô[39m 5 modules transformed.
node.exe : [31mΓ£ù[39m Build failed in 567ms
At line:1 char:1
+ & "C:\Program Files\nodejs/node.exe" "C:\Program Files\nodejs/node_mo ...
+ ~~~~~~~~~~~~~~~~~~~~~~~~~~~~~~~~~~~~~~~~~~~~~~~~~~~~~~~~~~~~~~~~~~~~~
    + CategoryInfo          : NotSpecified: ([31mΓ£ù[39m Build failed in 567ms:String) [], RemoteException
    + FullyQualifiedErrorId : NativeCommandError
 
[31merror during build:
[31m[@tailwindcss/vite:generate:build] Cannot apply unknown utility class `no-scrollbar`[31m
file: [36mC:/Users/Dilma Goenha/MenusMoz/src/index.css[31m
    at onInvalidCandidate 
(file:///C:/Users/Dilma%20Goenha/MenusMoz/node_modules/tailwindcss/dist/chunk-L5IEUH3R.mjs:21:1511)
    at $e (file:///C:/Users/Dilma%20Goenha/MenusMoz/node_modules/tailwindcss/dist/chunk-L5IEUH3R.mjs:16:36740)
    at file:///C:/Users/Dilma%20Goenha/MenusMoz/node_modules/tailwindcss/dist/chunk-L5IEUH3R.mjs:21:355
    at Ar (file:///C:/Users/Dilma%20Goenha/MenusMoz/node_modules/tailwindcss/dist/chunk-L5IEUH3R.mjs:3:1733)
    at I (file:///C:/Users/Dilma%20Goenha/MenusMoz/node_modules/tailwindcss/dist/chunk-L5IEUH3R.mjs:3:1377)
    at Ce (file:///C:/Users/Dilma%20Goenha/MenusMoz/node_modules/tailwindcss/dist/chunk-L5IEUH3R.mjs:21:172)
    at Gi (file:///C:/Users/Dilma%20Goenha/MenusMoz/node_modules/tailwindcss/dist/chunk-L5IEUH3R.mjs:38:294)
    at async ao (file:///C:/Users/Dilma%20Goenha/MenusMoz/node_modules/tailwindcss/dist/chunk-L5IEUH3R.mjs:38:631)
    at async vf (file:///C:/Users/Dilma%20Goenha/MenusMoz/node_modules/tailwindcss/dist/chunk-L5IEUH3R.mjs:38:1406)
    at async uu (file:///C:/Users/Dilma%20Goenha/MenusMoz/node_modules/@tailwindcss/node/dist/index.mjs:10:3458)[39m
